ARM Linker, 5.03 [Build 24] [MDK-ARM Lite]

==============================================================================

Section Cross References

    ad128.o(RESET) refers to ad128.o(mycode) for Reset_Handler
    ad128.o(mycode) refers to ad128.o(DATASEG) for DST


==============================================================================

Image Symbol Table

    Local Symbols

    Symbol Name                              Value     Ov Type        Size  Object(Section)

    ad128.s                                  0x00000000   Number         0  ad128.o ABSOLUTE

    Global Symbols

    Symbol Name                              Value     Ov Type        Size  Object(Section)

    BuildAttributes$$THM_ISAv4$P$D$K$B$S$PE$A:L22UL41UL21$X:L11$S22US41US21$IEEE1$IW$USESV6$~STKCKD$USESV7$~SHL$OSPACE$EBA8$STANDARDLIB$PRES8$EABIv2 0x00000000   Number         0  anon$$obj.o ABSOLUTE
    RESET                                    0x00000000   Section        8  ad128.o(RESET)
    __Vectors                                0x00000000   Data           0  ad128.o(RESET)
    Reset_Handler                            0x00000009   Thumb Code     0  ad128.o(mycode)
    mycode                                   0x00000008   Section      112  ad128.o(mycode)
    SRC                                      0x00000050   Data          32  ad128.o(mycode)
    DATASEG                                  0x10000000   Section       24  ad128.o(DATASEG)
    DST                                      0x10000000   Data          24  ad128.o(DATASEG)



==============================================================================

Memory Map of the image

  Image Entry point : 0x00000009

  Load Region LR_1 (Base: 0x00000000, Size: 0x00000090, Max: 0xffffffff, ABSOLUTE)

    Execution Region ER_RO (Base: 0x00000000, Size: 0x00000078, Max: 0xffffffff, ABSOLUTE)

    Base Addr    Size         Type   Attr      Idx    E Section Name        Object

    0x00000000   0x00000008   Data   RO            1    RESET               ad128.o
    0x00000008   0x00000070   Code   RO            2  * mycode              ad128.o


    Execution Region ER_RW (Base: 0x10000000, Size: 0x00000018, Max: 0xffffffff, ABSOLUTE)

    Base Addr    Size         Type   Attr      Idx    E Section Name        Object

    0x10000000   0x00000018   Data   RW            3    DATASEG             ad128.o


    Execution Region ER_ZI (Base: 0x10000018, Size: 0x00000000, Max: 0xffffffff, ABSOLUTE)

    **** No section assigned to this execution region ****


==============================================================================

Image component sizes


      Code (inc. data)   RO Data    RW Data    ZI Data      Debug   Object Name

       112         40          8         24          0        196   ad128.o

    ----------------------------------------------------------------------
       112         40          8         24          0        196   Object Totals
         0          0          0          0          0          0   (incl. Generated)
         0          0          0          0          0          0   (incl. Padding)

    ----------------------------------------------------------------------
         0          0          0          0          0          0   Library Totals
         0          0          0          0          0          0   (incl. Padding)

    ----------------------------------------------------------------------

==============================================================================


      Code (inc. data)   RO Data    RW Data    ZI Data      Debug   

       112         40          8         24          0        196   Grand Totals
       112         40          8         24          0        196   ELF Image Totals
       112         40          8         24          0          0   ROM Totals

==============================================================================

    Total RO  Size (Code + RO Data)                  120 (   0.12kB)
    Total RW  Size (RW Data + ZI Data)                24 (   0.02kB)
    Total ROM Size (Code + RO Data + RW Data)        144 (   0.14kB)

==============================================================================

