ARM Linker, 5.03 [Build 24] [MDK-ARM Lite]

==============================================================================

Section Cross References

    non_ovlap.o(RESET) refers to non_ovlap.o(mycode) for Reset_Handler
    non_ovlap.o(mycode) refers to non_ovlap.o(DATASEG) for SRC


==============================================================================

Image Symbol Table

    Local Symbols

    Symbol Name                              Value     Ov Type        Size  Object(Section)

    non_ovlap.s                              0x00000000   Number         0  non_ovlap.o ABSOLUTE

    Global Symbols

    Symbol Name                              Value     Ov Type        Size  Object(Section)

    BuildAttributes$$THM_ISAv4$P$D$K$B$S$PE$A:L22UL41UL21$X:L11$S22US41US21$IEEE1$IW$USESV6$~STKCKD$USESV7$~SHL$OSPACE$EBA8$STANDARDLIB$PRES8$EABIv2 0x00000000   Number         0  anon$$obj.o ABSOLUTE
    RESET                                    0x00000000   Section        8  non_ovlap.o(RESET)
    __Vectors                                0x00000000   Data           0  non_ovlap.o(RESET)
    Reset_Handler                            0x00000009   Thumb Code     0  non_ovlap.o(mycode)
    mycode                                   0x00000008   Section      124  non_ovlap.o(mycode)
    DATASEG                                  0x10000000   Section       80  non_ovlap.o(DATASEG)
    SRC                                      0x10000000   Data          40  non_ovlap.o(DATASEG)
    DST                                      0x10000028   Data          40  non_ovlap.o(DATASEG)



==============================================================================

Memory Map of the image

  Image Entry point : 0x00000009

  Load Region LR_1 (Base: 0x00000000, Size: 0x000000d4, Max: 0xffffffff, ABSOLUTE)

    Execution Region ER_RO (Base: 0x00000000, Size: 0x00000084, Max: 0xffffffff, ABSOLUTE)

    Base Addr    Size         Type   Attr      Idx    E Section Name        Object

    0x00000000   0x00000008   Data   RO            1    RESET               non_ovlap.o
    0x00000008   0x0000007c   Code   RO            2  * mycode              non_ovlap.o


    Execution Region ER_RW (Base: 0x10000000, Size: 0x00000050, Max: 0xffffffff, ABSOLUTE)

    Base Addr    Size         Type   Attr      Idx    E Section Name        Object

    0x10000000   0x00000050   Data   RW            3    DATASEG             non_ovlap.o


    Execution Region ER_ZI (Base: 0x10000050, Size: 0x00000000, Max: 0xffffffff, ABSOLUTE)

    **** No section assigned to this execution region ****


==============================================================================

Image component sizes


      Code (inc. data)   RO Data    RW Data    ZI Data      Debug   Object Name

       124          8          8         80          0        224   non_ovlap.o

    ----------------------------------------------------------------------
       124          8          8         80          0        224   Object Totals
         0          0          0          0          0          0   (incl. Generated)
         0          0          0          0          0          0   (incl. Padding)

    ----------------------------------------------------------------------
         0          0          0          0          0          0   Library Totals
         0          0          0          0          0          0   (incl. Padding)

    ----------------------------------------------------------------------

==============================================================================


      Code (inc. data)   RO Data    RW Data    ZI Data      Debug   

       124          8          8         80          0        224   Grand Totals
       124          8          8         80          0        224   ELF Image Totals
       124          8          8         80          0          0   ROM Totals

==============================================================================

    Total RO  Size (Code + RO Data)                  132 (   0.13kB)
    Total RW  Size (RW Data + ZI Data)                80 (   0.08kB)
    Total ROM Size (Code + RO Data + RW Data)        212 (   0.21kB)

==============================================================================

