


ARM Macro Assembler    Page 1 


    1 00000000                 AREA             RESET , DATA ,READONLY
    2 00000000                 EXPORT           __Vectors
    3 00000000         __Vectors
    4 00000000 10000000        DCD              0x10000000
    5 00000004 00000000        DCD              Reset_Handler
    6 00000008                 ALIGN
    7 00000008                 AREA             mycode , CODE , READONLY
    8 00000000                 ENTRY
    9 00000000                 EXPORT
   10 00000000         Reset_Handler
   11 00000000 4806            LDR              R0 , = 0x1234ABCD
   12 00000002 4907            LDR              R1 , = 0x11223344
   13 00000004 4A07            LDR              R2 , = 0x55553333
   14 00000006 4B08            LDR              R3 , = 0x66223388
   15 00000008 F8DF D020       LDR              R13 , = 0x40000014
   16 0000000C B407            PUSH             {R0 , R1 , R2}
   17 0000000E E88D 000D       STM              R13 , {R0 , R3 , R2}
   18 00000012 BC08            POP              {R3}
   19 00000014 BC02            POP              {R1}
   20 00000016 BC04            POP              {R2}
   21 00000018 B40C            STMDB            R13! , {R2 , R3}
   22 0000001A BC03            POP              {R0 , R1}
   23 0000001C         
   24 0000001C 1234ABCD 
              11223344 
              55553333 
              66223388 
              40000014         AREA             DATASEG , DATA , READWRITE
   25 00000000 00000012 
              00000023 
              00000034 
              00000045 
              00000056 
              00000067 
              00000078 
              00000089 
              00000091 
              000000AB SRC     DCD              0x12 , 0x23 , 0x34 , 0x45 , 0x5
6 , 0x67 , 0x78 , 0x89 , 0x91 , 0xAB
   26 00000028 00000000 
              00000000 
              00000000 
              00000000 
              00000000 
              00000000 
              00000000 
              00000000 
              00000000 
              00000000 DST     DCD              0,0,0,0,0,0,0,0,0,0
   27 00000050                 END
Command Line: --debug --xref --cpu=Cortex-M3 --apcs=interwork --depend=test.d -
otest.o -IC:\Keil\ARM\RV31\INC -IC:\Keil\ARM\CMSIS\Include -IC:\Keil\ARM\Inc\NX
P\LPC17xx --predefine="__EVAL SETA 1" --list=test.lst test.S



ARM Macro Assembler    Page 1 Alphabetic symbol ordering
Relocatable symbols

RESET 00000000

Symbol: RESET
   Definitions
      At line 1 in file test.S
   Uses
      None
Comment: RESET unused
__Vectors 00000000

Symbol: __Vectors
   Definitions
      At line 3 in file test.S
   Uses
      At line 2 in file test.S
Comment: __Vectors used once
2 symbols



ARM Macro Assembler    Page 1 Alphabetic symbol ordering
Relocatable symbols

Reset_Handler 00000000

Symbol: Reset_Handler
   Definitions
      At line 10 in file test.S
   Uses
      At line 5 in file test.S
Comment: Reset_Handler used once
mycode 00000000

Symbol: mycode
   Definitions
      At line 7 in file test.S
   Uses
      None
Comment: mycode unused
2 symbols



ARM Macro Assembler    Page 1 Alphabetic symbol ordering
Relocatable symbols

DATASEG 00000000

Symbol: DATASEG
   Definitions
      At line 24 in file test.S
   Uses
      None
Comment: DATASEG unused
DST 00000028

Symbol: DST
   Definitions
      At line 26 in file test.S
   Uses
      None
Comment: DST unused
SRC 00000000

Symbol: SRC
   Definitions
      At line 25 in file test.S
   Uses
      None
Comment: SRC unused
3 symbols
340 symbols in table
